
R version 4.3.2 (2023-10-31) -- "Eye Holes"
Copyright (C) 2023 The R Foundation for Statistical Computing
Platform: aarch64-apple-darwin20 (64-bit)

R is free software and comes with ABSOLUTELY NO WARRANTY.
You are welcome to redistribute it under certain conditions.
Type 'license()' or 'licence()' for distribution details.

  Natural language support but running in an English locale

R is a collaborative project with many contributors.
Type 'contributors()' for more information and
'citation()' on how to cite R or R packages in publications.

Type 'demo()' for some demos, 'help()' for on-line help, or
'help.start()' for an HTML browser interface to help.
Type 'q()' to quit R.

> devtools::test()
✔ | F W  S  OK | Context

⠏ |          0 | afni_hrf_aliases                                               
⠏ |          0 | afni hrf aliases                                               
✔ |          2 | afni hrf aliases

⠏ |          0 | afni_hrf                                                       
✔ |   1      0 | afni_hrf
────────────────────────────────────────────────────────────────────────────────
Warning ('test_afni_hrf.R:2:1'): (code run outside of `test_that()`)
package ‘assertthat’ was built under R version 4.3.3
Backtrace:
    ▆
 1. └─base::library(assertthat) at test_afni_hrf.R:2:1
 2.   └─base (local) testRversion(pkgInfo, package, pkgpath)
────────────────────────────────────────────────────────────────────────────────

⠏ |          0 | afni                                                           
⠹ |   2      1 | afni                                                           
⠇ |   3      6 | afni                                                           
⠇ |   6     13 | afni                                                           
✔ |   6     19 | afni
────────────────────────────────────────────────────────────────────────────────
Warning ('test_afni_hrf.R:28:3'): can construct an simple afni native stimulus model
AFNI terms are not fully supported in the current event_model pipeline. They are intended for use with AFNI's 3dDeconvolve.
Backtrace:
    ▆
 1. └─fmrireg::event_model(...) at test_afni_hrf.R:28:3
 2.   └─fmrireg:::build_event_model_design_matrix(...) at fmrireg/R/event_model.R:88:3
 3.     └─base::lapply(terms, convolve_one_term) at fmrireg/R/event_model_helpers.R:261:7
 4.       └─fmrireg (local) FUN(X[[i]], ...)

Warning ('test_afni_hrf.R:28:3'): can construct an simple afni native stimulus model
All terms are AFNI terms that don't contribute to the design matrix. Returning empty design matrix.
Backtrace:
    ▆
 1. └─fmrireg::event_model(...) at test_afni_hrf.R:28:3
 2.   └─fmrireg:::build_event_model_design_matrix(...) at fmrireg/R/event_model.R:88:3

Warning ('test_afni_hrf.R:61:3'): can construct an an afni model with trialwise regressor
AFNI terms are not fully supported in the current event_model pipeline. They are intended for use with AFNI's 3dDeconvolve.
Backtrace:
    ▆
 1. └─fmrireg::event_model(...) at test_afni_hrf.R:61:3
 2.   └─fmrireg:::build_event_model_design_matrix(...) at fmrireg/R/event_model.R:88:3
 3.     └─base::lapply(terms, convolve_one_term) at fmrireg/R/event_model_helpers.R:261:7
 4.       └─fmrireg (local) FUN(X[[i]], ...)

Warning ('test_afni_hrf.R:108:3'): can construct an an afni model with a constant
AFNI terms are not fully supported in the current event_model pipeline. They are intended for use with AFNI's 3dDeconvolve.
Backtrace:
    ▆
 1. └─fmrireg::event_model(...) at test_afni_hrf.R:108:3
 2.   └─fmrireg:::build_event_model_design_matrix(...) at fmrireg/R/event_model.R:88:3
 3.     └─base::lapply(terms, convolve_one_term) at fmrireg/R/event_model_helpers.R:261:7
 4.       └─fmrireg (local) FUN(X[[i]], ...)

Warning ('test_afni_hrf.R:108:3'): can construct an an afni model with a constant
All terms are AFNI terms that don't contribute to the design matrix. Returning empty design matrix.
Backtrace:
    ▆
 1. └─fmrireg::event_model(...) at test_afni_hrf.R:108:3
 2.   └─fmrireg:::build_event_model_design_matrix(...) at fmrireg/R/event_model.R:88:3

Warning ('test_afni_hrf.R:131:3'): can construct an an afni model with trialwise regressor and a Polynomial modulator
AFNI terms are not fully supported in the current event_model pipeline. They are intended for use with AFNI's 3dDeconvolve.
Backtrace:
    ▆
 1. └─fmrireg::event_model(...) at test_afni_hrf.R:131:3
 2.   └─fmrireg:::build_event_model_design_matrix(...) at fmrireg/R/event_model.R:88:3
 3.     └─base::lapply(terms, convolve_one_term) at fmrireg/R/event_model_helpers.R:261:7
 4.       └─fmrireg (local) FUN(X[[i]], ...)
────────────────────────────────────────────────────────────────────────────────

⠏ |          0 | ar_args                                                        
⠏ |          0 | AR argument passing                                            
⠙ |          2 | AR argument passing                                            
⠸ |          4 | AR argument passing                                            
✔ |          4 | AR argument passing

⠏ |          0 | ar_components                                                  
✖ | 1       26 | ar_components
────────────────────────────────────────────────────────────────────────────────
Failure ('test_ar_components.R:30:3'): estimate_ar_parameters works correctly
`phi_hat2` not equal to `true_phi2`.
1/2 mismatches
[2] 0.0397 - 0.3 == -0.26
────────────────────────────────────────────────────────────────────────────────

⠏ |          0 | ar_glm_integration                                             
⠧ |          8 | ar_glm_integration                                             
✔ |          8 | ar_glm_integration

⠏ |          0 | ar_integration                                                 
⠏ |          0 | AR modeling integration                                        
⠋ |         11 | AR modeling integration                                        
✔ |         12 | AR modeling integration

⠏ |          0 | ar_pure_noise                                                  
✔ |         13 | ar_pure_noise

⠏ |          0 | ar_robust_combined                                             
⠋ |         11 | ar_robust_combined                                             
✔ |         14 | ar_robust_combined

⠏ |          0 | ar_whiten                                                      
⠏ |          0 | C++ AR whitening                                               
✔ |          8 | C++ AR whitening

⠏ |          0 | baseline                                                       
✔ |         22 | baseline

⠏ |          0 | benchmark_datasets                                             
⠧ | 13        5 | benchmark_datasets                                            
✖ | 16        6 | benchmark_datasets
────────────────────────────────────────────────────────────────────────────────
Failure ('test_benchmark_datasets.R:7:3'): benchmark dataset loading works
nrow(datasets_info) >= 5 is not TRUE

`actual`:   FALSE
`expected`: TRUE 

Error ('test_benchmark_datasets.R:11:3'): benchmark dataset loading works
Error in `load_benchmark_dataset("BM_Canonical_HighSNR")`: Dataset not found (simplified check).
Backtrace:
    ▆
 1. └─fmrireg::load_benchmark_dataset("BM_Canonical_HighSNR") at test_benchmark_datasets.R:11:3

Failure ('test_benchmark_datasets.R:35:3'): benchmark dataset summary works
"dimensions" %in% names(summary_info) is not TRUE

`actual`:   FALSE
`expected`: TRUE 

Failure ('test_benchmark_datasets.R:36:3'): benchmark dataset summary works
"experimental_design" %in% names(summary_info) is not TRUE

`actual`:   FALSE
`expected`: TRUE 

Failure ('test_benchmark_datasets.R:37:3'): benchmark dataset summary works
"hrf_information" %in% names(summary_info) is not TRUE

`actual`:   FALSE
`expected`: TRUE 

Failure ('test_benchmark_datasets.R:41:3'): benchmark dataset summary works
dims$n_voxels not equal to 100.
target is NULL, current is numeric

Failure ('test_benchmark_datasets.R:42:3'): benchmark dataset summary works
dims$n_conditions not equal to 3.
target is NULL, current is numeric

Failure ('test_benchmark_datasets.R:43:3'): benchmark dataset summary works
dims$n_events > 0 is not TRUE

`actual`:       
`expected`: TRUE

Failure ('test_benchmark_datasets.R:52:3'): design matrix creation works
ncol(X) == 4 is not TRUE

`actual`:   FALSE
`expected`: TRUE 

Failure ('test_benchmark_datasets.R:53:3'): design matrix creation works
nrow(X) > 100 is not TRUE

`actual`:   FALSE
`expected`: TRUE 

Failure ('test_benchmark_datasets.R:54:3'): design matrix creation works
"Intercept" %in% colnames(X) is not TRUE

`actual`:   FALSE
`expected`: TRUE 

Failure ('test_benchmark_datasets.R:59:3'): design matrix creation works
ncol(X_no_int) == 3 is not TRUE

`actual`:   FALSE
`expected`: TRUE 

Error ('test_benchmark_datasets.R:67:3'): performance evaluation works
Error in `load_benchmark_dataset("BM_Canonical_HighSNR")`: Dataset not found (simplified check).
Backtrace:
    ▆
 1. └─fmrireg::load_benchmark_dataset("BM_Canonical_HighSNR") at test_benchmark_datasets.R:67:3

Error ('test_benchmark_datasets.R:107:5'): all benchmark datasets can be loaded
Error in `load_benchmark_dataset(dataset_name)`: Dataset not found (simplified check).
Backtrace:
    ▆
 1. └─fmrireg::load_benchmark_dataset(dataset_name) at test_benchmark_datasets.R:107:5

Failure ('test_benchmark_datasets.R:126:3'): error handling works correctly
`get_benchmark_summary("NonExistent_Dataset")` did not throw an error.

Error ('test_benchmark_datasets.R:129:3'): error handling works correctly
Error in `load_benchmark_dataset("BM_Canonical_HighSNR")`: Dataset not found (simplified check).
Backtrace:
    ▆
 1. └─fmrireg::load_benchmark_dataset("BM_Canonical_HighSNR") at test_benchmark_datasets.R:129:3
────────────────────────────────────────────────────────────────────────────────
Maximum number of failures exceeded; quitting at end of file.
ℹ Increase this number with (e.g.) `testthat::set_max_fails(Inf)` 

══ Results ═════════════════════════════════════════════════════════════════════
Duration: 1.5 s

── Failed tests ────────────────────────────────────────────────────────────────
Failure ('test_ar_components.R:30:3'): estimate_ar_parameters works correctly
`phi_hat2` not equal to `true_phi2`.
1/2 mismatches
[2] 0.0397 - 0.3 == -0.26

Failure ('test_benchmark_datasets.R:7:3'): benchmark dataset loading works
nrow(datasets_info) >= 5 is not TRUE

`actual`:   FALSE
`expected`: TRUE 

Error ('test_benchmark_datasets.R:11:3'): benchmark dataset loading works
Error in `load_benchmark_dataset("BM_Canonical_HighSNR")`: Dataset not found (simplified check).
Backtrace:
    ▆
 1. └─fmrireg::load_benchmark_dataset("BM_Canonical_HighSNR") at test_benchmark_datasets.R:11:3

Failure ('test_benchmark_datasets.R:35:3'): benchmark dataset summary works
"dimensions" %in% names(summary_info) is not TRUE

`actual`:   FALSE
`expected`: TRUE 

Failure ('test_benchmark_datasets.R:36:3'): benchmark dataset summary works
"experimental_design" %in% names(summary_info) is not TRUE

`actual`:   FALSE
`expected`: TRUE 

Failure ('test_benchmark_datasets.R:37:3'): benchmark dataset summary works
"hrf_information" %in% names(summary_info) is not TRUE

`actual`:   FALSE
`expected`: TRUE 

Failure ('test_benchmark_datasets.R:41:3'): benchmark dataset summary works
dims$n_voxels not equal to 100.
target is NULL, current is numeric

Failure ('test_benchmark_datasets.R:42:3'): benchmark dataset summary works
dims$n_conditions not equal to 3.
target is NULL, current is numeric

Failure ('test_benchmark_datasets.R:43:3'): benchmark dataset summary works
dims$n_events > 0 is not TRUE

`actual`:       
`expected`: TRUE

Failure ('test_benchmark_datasets.R:52:3'): design matrix creation works
ncol(X) == 4 is not TRUE

`actual`:   FALSE
`expected`: TRUE 

Failure ('test_benchmark_datasets.R:53:3'): design matrix creation works
nrow(X) > 100 is not TRUE

`actual`:   FALSE
`expected`: TRUE 

Failure ('test_benchmark_datasets.R:54:3'): design matrix creation works
"Intercept" %in% colnames(X) is not TRUE

`actual`:   FALSE
`expected`: TRUE 

Failure ('test_benchmark_datasets.R:59:3'): design matrix creation works
ncol(X_no_int) == 3 is not TRUE

`actual`:   FALSE
`expected`: TRUE 

Error ('test_benchmark_datasets.R:67:3'): performance evaluation works
Error in `load_benchmark_dataset("BM_Canonical_HighSNR")`: Dataset not found (simplified check).
Backtrace:
    ▆
 1. └─fmrireg::load_benchmark_dataset("BM_Canonical_HighSNR") at test_benchmark_datasets.R:67:3

Error ('test_benchmark_datasets.R:107:5'): all benchmark datasets can be loaded
Error in `load_benchmark_dataset(dataset_name)`: Dataset not found (simplified check).
Backtrace:
    ▆
 1. └─fmrireg::load_benchmark_dataset(dataset_name) at test_benchmark_datasets.R:107:5

Failure ('test_benchmark_datasets.R:126:3'): error handling works correctly
`get_benchmark_summary("NonExistent_Dataset")` did not throw an error.

Error ('test_benchmark_datasets.R:129:3'): error handling works correctly
Error in `load_benchmark_dataset("BM_Canonical_HighSNR")`: Dataset not found (simplified check).
Backtrace:
    ▆
 1. └─fmrireg::load_benchmark_dataset("BM_Canonical_HighSNR") at test_benchmark_datasets.R:129:3

[ FAIL 17 | WARN 7 | SKIP 0 | PASS 134 ]
══ Terminated early ════════════════════════════════════════════════════════════
> 
> 
